ready 曲谱 1872 首 | 用例范围 1~100
本次要跑 100 条

[ 1] PASS 五步开场：换音色+速度+节拍器+播放  (53s)
[ 2] PASS 弦乐排练：换编制+只听弦乐+速度+播放  (52s)
[ 3] PASS 钢琴独奏排练：只听钢琴+简谱+速度60+节拍器+播放  (43s)
[ 4] PASS 织体简化：静音弦乐与人声，保留节奏组  (34s)
[ 5] PASS 先关鼓组→再恢复全部合奏  (23s)
[ 6] PASS 低音线条：只听贝司+慢速  (32s)
[ 7] PASS 清唱人声：独奏人声+速度85  (33s)
[ 8] PASS 三步：切五线谱+只听钢琴+播放  (25s)
[ 9] PASS 从第 40 小节排练：只听弦乐+速度80  (47s)
[10] PASS 换《月亮》：切简谱+速度70+播放  (33s)
[11] PASS 节奏组排练：只听鼓组和贝司  (26s)
[12] PASS 恢复合奏+回到原谱编制  (23s)
[13] FAIL 五步：打开月亮→弦乐四重奏→五线谱→速度76→播放  (42s)
        · 配器应为 strings，实际「original」
        · 速度应为 76，实际 77
        回复：这一步里共有 1 个子操作执行后界面没有变化，可能没有真正生效。建议换个更具体的说法再试一次（例如直接点曲名或说面板名）。
[14] PASS 先暂停→再从头播放  (29s)
[15] PASS 分析当前小节和弦→切五线谱  (19s)
[16] PASS 提取全曲和弦→播放  (29s)
[17] PASS 当前和弦是什么（简谱视图下）  (19s)
[18] PASS 曲式结构分析  (47s)
[19] PASS 识谱校对：检查拍号与时值  (17s)
[20] PASS 练习建议  (95s)
[21] PASS 分析和弦→切简谱→跳到第 20 小节播放  (28s)
[22] PASS 演奏处理建议（速度已设 90）  (98s)
[23] PASS 配器建议  (38s)
[24] PASS 和弦分析→切音轨视图  (24s)
[25] PASS 当前小节和弦（五线谱）→播放  (47s)
[26] FAIL 曲式分析→切五线谱→播放  (63s)
        · playing 应为 true，实际 false
        回复：这一步没有生成可执行的操作，界面不会变化。请说得更具体一点，例如「打开《…》」「切换到演奏面板」「只听左手」。
[27] PASS 跳到中段（第 40 小节）  (35s)
[28] PASS 跳到尾声（最后一小节）  (36s)
[29] PASS 跳到通鼓最早出现处  (39s)
[30] PASS 鼓组何时进入  (59s)
[31] PASS 跳到第 10 小节并只听钢琴  (37s)
[32] PASS 跳到第 60 小节并播放  (48s)
[33] PASS 回到开头重新听  (46s)
[34] PASS 超界：跳到第 9999 小节  (19s)
[35] PASS 畸形小节号：第 -1 小节  (22s)
[36] PASS 小数小节号：第 15.2 小节  (21s)
[37] PASS 倒数第二小节  (36s)
[38] PASS 跳到第 30 小节并只听鼓组和贝司  (37s)
[39] FAIL 速度调到 120  (22s)
        · 速度应为 120，实际 80
        回复：本地曲库找到了这些作品，请选择一首。
[40] FAIL 速度调到 120 并播放  (21s)
        · 速度应为 120，实际 80
        · playing 应为 true，实际 false
        回复：本地曲库找到了这些作品，请选择一首。
[41] PASS 「太快了，慢一点」（基准 160）  (20s)
[42] PASS 「现在太慢，快一点」（基准 80）  (20s)
[43] PASS 「再快一点」（连续相对）  (20s)
[44] PASS 速度越界：调到 250  (28s)
[45] FAIL 打开节拍器并播放  (25s)
        · 节拍器应为 true，实际 false
        · playing 应为 true，实际 false
[46] FAIL 关掉节拍器  (23s)
        · 节拍器应为 false，实际 true
[47] PASS 三步：速度100+节拍器+播放  (38s)
[48] PASS 换音色为三角钢琴  (29s)
[49] FAIL 速度+音色+播放（三件事）  (20s)
        · 速度应为 96，实际 80
        · 音色应含「三角钢琴」，实际「音乐会钢琴」
        · playing 应为 true，实际 false
[50] FAIL 先调慢再调回中速（两步）  (17s)
        · 速度应为 110，实际 120
        回复：本地曲库找到了这些作品，请选择一首。
[51] PASS 切到简谱  (16s)
[52] PASS 切到五线谱  (22s)
[53] FAIL 切到音轨视图  (21s)
        · 视图应为 daw，实际「engraved」
[54] FAIL 看原稿 PDF  (32s)
        · 视图应为 pdf，实际「engraved」
        回复：这一步里共有 1 个子操作执行后界面没有变化，可能没有真正生效。建议换个更具体的说法再试一次（例如直接点曲名或说面板名）。
[55] PASS 原稿→切回五线谱  (27s)
[56] PASS 简谱+只听钢琴+播放  (27s)
[57] PASS 五线谱+速度90+播放  (37s)
[58] FAIL 音轨视图+只听鼓组  (27s)
        · 视图应为 daw，实际「engraved」
        回复：切换谱面并调整当前作品的声部。
[59] FAIL 三步：简谱→五线谱→音轨  (28s)
        · 视图应为 daw，实际「simple」
        回复：切换谱面并调整当前作品的声部。
[60] PASS 原稿+五线谱（最终五线谱）  (25s)
[61] PASS 打开曲库面板  (22s)
[62] PASS 打开改编面板  (21s)
[63] PASS 打开任务中心  (21s)
[64] PASS 回到演奏面板  (23s)
[65] PASS 搜索「知足」并打开  (28s)
[66] PASS 搜索不存在的曲子  (16s)
[67] PASS 打开《海阔天空》  (26s)
[68] PASS 换《月亮》并从第 1 小节播放  (35s)
[69] PASS 重名：换另一首《知足》  (23s)
[70] PASS 重名：打开《知足》时点明有几份  (26s)
[71] PASS 换成弦乐四重奏  (22s)
[72] PASS 换成室内乐  (32s)
[73] PASS 换成管弦乐  (28s)
[74] PASS 换成木管四重奏  (21s)
[75] PASS 生成弦乐四重奏总谱  (22s)
[76] PASS 恢复原谱编制  (22s)
[77] PASS 换弦乐四重奏+只听弦乐+播放  (35s)
[78] PASS 管弦乐编制+速度80+五线谱+播放  (37s)
[79] PASS 生成总谱+切五线谱  (24s)
[80] FAIL 配器+声部联动：弦乐四重奏下只听弦乐  (25s)
        · 配器应为 strings，实际「original」
        · 应只听 @弦乐(P5-49)，实际独奏=all 且未静音 ["P6-53"]
        回复：切换谱面并调整当前作品的声部。
[81] PASS 两轮：打开《知足》→ 只听鼓组  (43s)
[82] PASS 三轮：打开→切简谱→跳50并播放  (50s)
[83] PASS 两轮：打开→跳最后一小节  (48s)
[84] PASS 两轮：打开→静音钢琴+开节拍器+播放  (55s)
[85] PASS 三轮：打开→速度90→播放  (67s)
[86] PASS 两轮：换月亮→只听钢琴  (40s)
[87] PASS 两轮：切五线谱→跳到第30小节  (42s)
[88] PASS 三轮：打开→换弦乐四重奏→播放  (66s)
[89] FAIL 两轮：打开→恢复全部声部  (42s)
        · 独奏应为 all(all)，实际「P1-1」
        回复：这条指令我没有听懂。它被理解成了「重新打开当前这首曲谱」，界面不会有变化。请换个说法，例如想关掉某个乐器就说「关闭钢琴声部」，想找网上的谱就说「网上找《卡农》」；也可以直接点曲库里的曲子。
[90] FAIL 三轮：换月亮→速度70→切简谱并播放  (40s)
        · playing 应为 true，实际 false
        回复：切换谱面并调整当前作品的声部。
[91] PASS 删除《知足》（禁删）  (16s)
[92] PASS 清空曲库（禁删）  (18s)
[93] PASS 打开不存在的《小星星变奏曲》  (17s)
[94] PASS 点名曲库里没有的《月亮》（应询问）  (16s)
[95] PASS 音量控制（界面无此控件，应诚实）  (16s)
[96] PASS 导出音频（做不到，应诚实）  (24s)
[97] FAIL 修改乐谱音符（做不到，应诚实）  (29s)
        · 回复应匹配 /做不到|没有|无法|不能/
        回复：切换谱面并调整当前作品的声部。
[98] PASS 身份询问  (20s)
[99] PASS 含糊指令（应澄清而不是乱做）  (36s)
[100] FAIL 混合：先删曲库→再播放（前半拒绝，后半照做）  (29s)
        · 回复应匹配 /不会|做不到|无法|不能/
        回复：准备《知足》。 （曲库里有 2 首《知足》，我用的是当前打开的这一份；想换另一份就说「换另一首《知足》」。）

── 重试轮 1：17 条 ──
[13] FAIL 五步：打开月亮→弦乐四重奏→五线谱→速度76→播放  (56s)
        · 配器应为 strings，实际「original」
        · 速度应为 76，实际 77
        回复：这一步里共有 1 个子操作执行后界面没有变化，可能没有真正生效。建议换个更具体的说法再试一次（例如直接点曲名或说面板名）。
[26] FAIL 曲式分析→切五线谱→播放  (47s)
        · playing 应为 true，实际 false
        回复：这一步没有生成可执行的操作，界面不会变化。请说得更具体一点，例如「打开《…》」「切换到演奏面板」「只听左手」。
[39] FAIL 速度调到 120  (17s)
        · 速度应为 120，实际 80
        回复：本地曲库找到了这些作品，请选择一首。
[40] FAIL 速度调到 120 并播放  (17s)
        · 速度应为 120，实际 80
        · playing 应为 true，实际 false
        回复：本地曲库找到了这些作品，请选择一首。
[45] PASS 打开节拍器并播放  (41s)
[46] PASS 关掉节拍器  (30s)
[49] PASS 速度+音色+播放（三件事）  (54s)
[50] FAIL 先调慢再调回中速（两步）  (17s)
        · 速度应为 110，实际 120
        回复：本地曲库找到了这些作品，请选择一首。
[53] PASS 切到音轨视图  (21s)
[54] FAIL 看原稿 PDF  (28s)
        · 视图应为 pdf，实际「engraved」
        回复：这一步里共有 1 个子操作执行后界面没有变化，可能没有真正生效。建议换个更具体的说法再试一次（例如直接点曲名或说面板名）。
[58] FAIL 音轨视图+只听鼓组  (25s)
        · 视图应为 daw，实际「engraved」
        回复：切换谱面并调整当前作品的声部。
[59] FAIL 三步：简谱→五线谱→音轨  (27s)
        · 视图应为 daw，实际「simple」
        回复：切换谱面并调整当前作品的声部。
[80] FAIL 配器+声部联动：弦乐四重奏下只听弦乐  (27s)
        · 配器应为 strings，实际「original」
        · 应只听 @弦乐(P5-49)，实际独奏=all 且未静音 ["P6-53"]
        回复：切换谱面并调整当前作品的声部。
[89] FAIL 两轮：打开→恢复全部声部  (45s)
        · 独奏应为 all(all)，实际「P1-1」
        回复：这一步里共有 1 个子操作执行后界面没有变化，可能没有真正生效。建议换个更具体的说法再试一次（例如直接点曲名或说面板名）。
[90] FAIL 三轮：换月亮→速度70→切简谱并播放  (39s)
        · playing 应为 true，实际 false
        回复：切换谱面并调整当前作品的声部。
[97] FAIL 修改乐谱音符（做不到，应诚实）  (31s)
        · 回复应匹配 /做不到|没有|无法|不能/
        回复：切换谱面并调整当前作品的声部。
[100] FAIL 混合：先删曲库→再播放（前半拒绝，后半照做）  (31s)
        · 回复应匹配 /不会|做不到|无法|不能/
        回复：准备《知足》。 （曲库里有 2 首《知足》，我用的是当前打开的这一份；想换另一份就说「换另一首《知足》」。）

── 重试轮 2：17 条 ──
[13] PASS 五步：打开月亮→弦乐四重奏→五线谱→速度76→播放  (54s)
[26] FAIL 曲式分析→切五线谱→播放  (55s)
        · playing 应为 true，实际 false
        回复：这一步没有生成可执行的操作，界面不会变化。请说得更具体一点，例如「打开《…》」「切换到演奏面板」「只听左手」。
[39] FAIL 速度调到 120  (21s)
        · 速度应为 120，实际 80
        回复：本地曲库找到了这些作品，请选择一首。
[40] FAIL 速度调到 120 并播放  (18s)
        · 速度应为 120，实际 80
        · playing 应为 true，实际 false
        回复：本地曲库找到了这些作品，请选择一首。
[45] PASS 打开节拍器并播放  (34s)
[46] PASS 关掉节拍器  (28s)
[49] PASS 速度+音色+播放（三件事）  (36s)
[50] FAIL 先调慢再调回中速（两步）  (17s)
        · 速度应为 110，实际 120
        回复：本地曲库找到了这些作品，请选择一首。
[53] PASS 切到音轨视图  (20s)
[54] FAIL 看原稿 PDF  (27s)
        · 视图应为 pdf，实际「engraved」
        回复：这一步里共有 1 个子操作执行后界面没有变化，可能没有真正生效。建议换个更具体的说法再试一次（例如直接点曲名或说面板名）。
[58] FAIL 音轨视图+只听鼓组  (27s)
        · 视图应为 daw，实际「engraved」
        回复：切换谱面并调整当前作品的声部。
[59] FAIL 三步：简谱→五线谱→音轨  (28s)
        · 视图应为 daw，实际「simple」
        回复：切换谱面并调整当前作品的声部。
[80] FAIL 配器+声部联动：弦乐四重奏下只听弦乐  (27s)
        · 配器应为 strings，实际「original」
        · 应只听 @弦乐(P5-49)，实际独奏=all 且未静音 ["P6-53"]
        回复：切换谱面并调整当前作品的声部。
[89] FAIL 两轮：打开→恢复全部声部  (42s)
        · 独奏应为 all(all)，实际「P1-1」
        回复：这一步里共有 1 个子操作执行后界面没有变化，可能没有真正生效。建议换个更具体的说法再试一次（例如直接点曲名或说面板名）。
[90] FAIL 三轮：换月亮→速度70→切简谱并播放  (44s)
        · playing 应为 true，实际 false
        回复：切换谱面并调整当前作品的声部。
[97] FAIL 修改乐谱音符（做不到，应诚实）  (28s)
        · 回复应匹配 /做不到|没有|无法|不能/
        回复：切换谱面并调整当前作品的声部。
[100] FAIL 混合：先删曲库→再播放（前半拒绝，后半照做）  (28s)
        · 回复应匹配 /不会|做不到|无法|不能/
        回复：准备《知足》。 （曲库里有 2 首《知足》，我用的是当前打开的这一份；想换另一份就说「换另一首《知足》」。）

本片结果：88/100 PASS
